
############################################################
# Sweep started: 2026-06-19 06:57:10
############################################################
Config: configs/config_oracle.yaml
Output: results/see-timing-Dyck-sweep-param
Device: cuda

Fixed config:
  seed=42  T=128  n_samples=100
  temperature=1.0  eval_dataset=unconditional
  (NOTE: data.l and schedule.* in config are ignored; this script sweeps L from LENGTHS and selects schedule per strategy.)

Sweep axes:
  GRAMMARS        = ['parentheses_and_brackets', 'not_nested_parentheses_and_brackets']
  LENGTHS         = [32]
  STRATEGIES      = ['uniform', 'gaussian', 'ar', 'ebsampler']
  SAMPLERS        = ['greedy', 'categorical']
  EB_GAMMAS       = [0.1, 0.5, 0.9, 2.0, 10.0]
  GAUSSIAN_SIGMAS = [0.5, 2.0, 5.0, 10.0, 20.0]
  STATS_NAMES     = ['rule1', 'rule2', 'both_rules', 'format']  (primary = both_rules)

Grid: 48 cells after filtering (from 48 total).
  by strategy: ar=4, ebsampler=20, gaussian=20, uniform=4

============================================================
[1/48] parentheses_and_brackets L=32   strat=uniform    samp=greedy       —
RE grammar "parentheses_and_brackets" data generated; shape: torch.Size([2000, 34])
  built (parentheses_and_brackets, L=32)  vocab=8  |X|=100
Evaluation on data, shape: ftorch.Size([100, 34])
  0%|                                                                                                                                                                | 0/100 [00:00<?, ?it/s]  1%|█▌                                                                                                                                                      | 1/100 [00:05<09:02,  5.48s/it]  2%|███                                                                                                                                                     | 2/100 [00:12<10:24,  6.37s/it]  2%|███                                                                                                                                                     | 2/100 [00:16<13:26,  8.23s/it]

Log: results/see-timing-Dyck-sweep-param/run.log
