
############################################################
# T-sweep started: 2026-06-20 08:46:00
############################################################
Config: configs/config_oracle.yaml
Output: results/T-sweep-nonDyck
Device: mps

Fixed config:
  seed=42  n_samples=10
  temperature=1.0  eval_dataset=unconditional
  (NOTE: data.l, schedule.*, and model.T in config are ignored; this script sweeps L from LENGTHS and T per-cell from T_VALUES.)

Sweep axes:
  GRAMMARS        = ['baN', 'bbaN', 'aNbN', 'aNbNcN']
  LENGTHS         = [128]
  T_VALUES        = [4, 8, 16, 32, 64, 128]    (AR fixed at L+2)
  STRATEGIES      = ['uniform', 'gaussian', 'ar', 'ebsampler']
  SAMPLERS        = ['greedy', 'categorical']
  EB_GAMMAS       = [0.1, 0.5, 0.9, 2.0, 5.0, 10.0]
  GAUSSIAN_SIGMAS = [1.0, 2.0, 5.0, 10.0, 20.0, 50.0]
  STATS_NAMES     = ['rule1', 'rule2', 'both_rules', 'format']  (primary = both_rules)

Grid: 632 cells after filtering (from 632 total).
  by strategy: ar=8, ebsampler=288, gaussian=288, uniform=48

============================================================
[1/632] baN     L=128  T=4    strat=uniform    samp=greedy       —
RE grammar "baN" data generated; shape: torch.Size([2000, 130])
  built (baN, L=128, T=4)  vocab=6  |X|=10
Evaluation on data, shape: ftorch.Size([10, 130])

    Evaluation from generation satisfies rule #1: 0/10 (0.0)
    Evaluation from generation satisfies rule #2: 10/10 (1.0)
    Evaluation from generation satisfies both rules: 0/10 (0.0)
    Evaluation from generation satisfies satisfies format: 10/10 (1.0)
    Finished sequences (with EOS): 10/10
    [Finished only] satisfies rule #1: 0/10 (0.0)
    [Finished only] satisfies rule #2: 10/10 (1.0)
    [Finished only] satisfies both rules: 0/10 (0.0)
    [Finished only] satisfies format: 10/10 (1.0)
    
  rep 1/4  seed=42  both_rules=0.0000  steps=4.0
Evaluation on data, shape: ftorch.Size([10, 130])

    Evaluation from generation satisfies rule #1: 0/10 (0.0)
    Evaluation from generation satisfies rule #2: 10/10 (1.0)
    Evaluation from generation satisfies both rules: 0/10 (0.0)
    Evaluation from generation satisfies satisfies format: 10/10 (1.0)
    Finished sequences (with EOS): 10/10
    [Finished only] satisfies rule #1: 0/10 (0.0)
    [Finished only] satisfies rule #2: 10/10 (1.0)
    [Finished only] satisfies both rules: 0/10 (0.0)
    [Finished only] satisfies format: 10/10 (1.0)
    
  rep 2/4  seed=43  both_rules=0.0000  steps=4.0
Evaluation on data, shape: ftorch.Size([10, 130])

    Evaluation from generation satisfies rule #1: 0/10 (0.0)
    Evaluation from generation satisfies rule #2: 10/10 (1.0)
    Evaluation from generation satisfies both rules: 0/10 (0.0)
    Evaluation from generation satisfies satisfies format: 10/10 (1.0)
    Finished sequences (with EOS): 10/10
    [Finished only] satisfies rule #1: 0/10 (0.0)
    [Finished only] satisfies rule #2: 10/10 (1.0)
    [Finished only] satisfies both rules: 0/10 (0.0)
    [Finished only] satisfies format: 10/10 (1.0)
    
  rep 3/4  seed=44  both_rules=0.0000  steps=4.0
Evaluation on data, shape: ftorch.Size([10, 130])

    Evaluation from generation satisfies rule #1: 0/10 (0.0)
    Evaluation from generation satisfies rule #2: 10/10 (1.0)
    Evaluation from generation satisfies both rules: 0/10 (0.0)
    Evaluation from generation satisfies satisfies format: 10/10 (1.0)
    Finished sequences (with EOS): 10/10
    [Finished only] satisfies rule #1: 0/10 (0.0)
    [Finished only] satisfies rule #2: 10/10 (1.0)
    [Finished only] satisfies both rules: 0/10 (0.0)
    [Finished only] satisfies format: 10/10 (1.0)
    
  rep 4/4  seed=45  both_rules=0.0000  steps=4.0
  → both_rules=0.0000 ± 0.0000  over 4 reps  steps mean/max = 4.0/4  elapsed=3.8s
  diversity: n_correct=0  uniqueness=nan  dist → baN_L128_T4_uniform_greedy_none.json

============================================================
[2/632] baN     L=128  T=8    strat=uniform    samp=greedy       —
RE grammar "baN" data generated; shape: torch.Size([2000, 130])
  built (baN, L=128, T=8)  vocab=6  |X|=10
Evaluation on data, shape: ftorch.Size([10, 130])

    Evaluation from generation satisfies rule #1: 0/10 (0.0)
    Evaluation from generation satisfies rule #2: 10/10 (1.0)
    Evaluation from generation satisfies both rules: 0/10 (0.0)
    Evaluation from generation satisfies satisfies format: 10/10 (1.0)
    Finished sequences (with EOS): 10/10
    [Finished only] satisfies rule #1: 0/10 (0.0)
    [Finished only] satisfies rule #2: 10/10 (1.0)
    [Finished only] satisfies both rules: 0/10 (0.0)
    [Finished only] satisfies format: 10/10 (1.0)
    
  rep 1/4  seed=42  both_rules=0.0000  steps=8.0
Evaluation on data, shape: ftorch.Size([10, 130])

    Evaluation from generation satisfies rule #1: 0/10 (0.0)
    Evaluation from generation satisfies rule #2: 10/10 (1.0)
    Evaluation from generation satisfies both rules: 0/10 (0.0)
    Evaluation from generation satisfies satisfies format: 10/10 (1.0)
    Finished sequences (with EOS): 10/10
    [Finished only] satisfies rule #1: 0/10 (0.0)
    [Finished only] satisfies rule #2: 10/10 (1.0)
    [Finished only] satisfies both rules: 0/10 (0.0)
    [Finished only] satisfies format: 10/10 (1.0)
    
  rep 2/4  seed=43  both_rules=0.0000  steps=8.0
Evaluation on data, shape: ftorch.Size([10, 130])

    Evaluation from generation satisfies rule #1: 0/10 (0.0)
    Evaluation from generation satisfies rule #2: 10/10 (1.0)
    Evaluation from generation satisfies both rules: 0/10 (0.0)
    Evaluation from generation satisfies satisfies format: 10/10 (1.0)
    Finished sequences (with EOS): 10/10
    [Finished only] satisfies rule #1: 0/10 (0.0)
    [Finished only] satisfies rule #2: 10/10 (1.0)
    [Finished only] satisfies both rules: 0/10 (0.0)
    [Finished only] satisfies format: 10/10 (1.0)
    
  rep 3/4  seed=44  both_rules=0.0000  steps=8.0
Evaluation on data, shape: ftorch.Size([10, 130])

    Evaluation from generation satisfies rule #1: 0/10 (0.0)
    Evaluation from generation satisfies rule #2: 10/10 (1.0)
    Evaluation from generation satisfies both rules: 0/10 (0.0)
    Evaluation from generation satisfies satisfies format: 10/10 (1.0)
    Finished sequences (with EOS): 10/10
    [Finished only] satisfies rule #1: 0/10 (0.0)
    [Finished only] satisfies rule #2: 10/10 (1.0)
    [Finished only] satisfies both rules: 0/10 (0.0)
    [Finished only] satisfies format: 10/10 (1.0)
    
  rep 4/4  seed=45  both_rules=0.0000  steps=8.0
  → both_rules=0.0000 ± 0.0000  over 4 reps  steps mean/max = 8.0/8  elapsed=4.6s
  diversity: n_correct=0  uniqueness=nan  dist → baN_L128_T8_uniform_greedy_none.json

============================================================
[3/632] baN     L=128  T=16   strat=uniform    samp=greedy       —
RE grammar "baN" data generated; shape: torch.Size([2000, 130])
  built (baN, L=128, T=16)  vocab=6  |X|=10
Evaluation on data, shape: ftorch.Size([10, 130])

    Evaluation from generation satisfies rule #1: 0/10 (0.0)
    Evaluation from generation satisfies rule #2: 10/10 (1.0)
    Evaluation from generation satisfies both rules: 0/10 (0.0)
    Evaluation from generation satisfies satisfies format: 10/10 (1.0)
    Finished sequences (with EOS): 10/10
    [Finished only] satisfies rule #1: 0/10 (0.0)
    [Finished only] satisfies rule #2: 10/10 (1.0)
    [Finished only] satisfies both rules: 0/10 (0.0)
    [Finished only] satisfies format: 10/10 (1.0)
    
  rep 1/4  seed=42  both_rules=0.0000  steps=16.0
Evaluation on data, shape: ftorch.Size([10, 130])

    Evaluation from generation satisfies rule #1: 0/10 (0.0)
    Evaluation from generation satisfies rule #2: 10/10 (1.0)
    Evaluation from generation satisfies both rules: 0/10 (0.0)
    Evaluation from generation satisfies satisfies format: 10/10 (1.0)
    Finished sequences (with EOS): 10/10
    [Finished only] satisfies rule #1: 0/10 (0.0)
    [Finished only] satisfies rule #2: 10/10 (1.0)
    [Finished only] satisfies both rules: 0/10 (0.0)
    [Finished only] satisfies format: 10/10 (1.0)
    
  rep 2/4  seed=43  both_rules=0.0000  steps=16.0
Evaluation on data, shape: ftorch.Size([10, 130])

    Evaluation from generation satisfies rule #1: 0/10 (0.0)
    Evaluation from generation satisfies rule #2: 10/10 (1.0)
    Evaluation from generation satisfies both rules: 0/10 (0.0)
    Evaluation from generation satisfies satisfies format: 10/10 (1.0)
    Finished sequences (with EOS): 10/10
    [Finished only] satisfies rule #1: 0/10 (0.0)
    [Finished only] satisfies rule #2: 10/10 (1.0)
    [Finished only] satisfies both rules: 0/10 (0.0)
    [Finished only] satisfies format: 10/10 (1.0)
    
  rep 3/4  seed=44  both_rules=0.0000  steps=16.0
Evaluation on data, shape: ftorch.Size([10, 130])

    Evaluation from generation satisfies rule #1: 0/10 (0.0)
    Evaluation from generation satisfies rule #2: 10/10 (1.0)
    Evaluation from generation satisfies both rules: 0/10 (0.0)
    Evaluation from generation satisfies satisfies format: 10/10 (1.0)
    Finished sequences (with EOS): 10/10
    [Finished only] satisfies rule #1: 0/10 (0.0)
    [Finished only] satisfies rule #2: 10/10 (1.0)
    [Finished only] satisfies both rules: 0/10 (0.0)
    [Finished only] satisfies format: 10/10 (1.0)
    
  rep 4/4  seed=45  both_rules=0.0000  steps=16.0
  → both_rules=0.0000 ± 0.0000  over 4 reps  steps mean/max = 16.0/16  elapsed=7.4s
  diversity: n_correct=0  uniqueness=nan  dist → baN_L128_T16_uniform_greedy_none.json

============================================================
[4/632] baN     L=128  T=32   strat=uniform    samp=greedy       —
RE grammar "baN" data generated; shape: torch.Size([2000, 130])
  built (baN, L=128, T=32)  vocab=6  |X|=10
Evaluation on data, shape: ftorch.Size([10, 130])

    Evaluation from generation satisfies rule #1: 0/10 (0.0)
    Evaluation from generation satisfies rule #2: 10/10 (1.0)
    Evaluation from generation satisfies both rules: 0/10 (0.0)
    Evaluation from generation satisfies satisfies format: 10/10 (1.0)
    Finished sequences (with EOS): 10/10
    [Finished only] satisfies rule #1: 0/10 (0.0)
    [Finished only] satisfies rule #2: 10/10 (1.0)
    [Finished only] satisfies both rules: 0/10 (0.0)
    [Finished only] satisfies format: 10/10 (1.0)
    
  rep 1/4  seed=42  both_rules=0.0000  steps=32.0
Evaluation on data, shape: ftorch.Size([10, 130])

    Evaluation from generation satisfies rule #1: 1/10 (0.1)
    Evaluation from generation satisfies rule #2: 10/10 (1.0)
    Evaluation from generation satisfies both rules: 1/10 (0.1)
    Evaluation from generation satisfies satisfies format: 10/10 (1.0)
    Finished sequences (with EOS): 10/10
    [Finished only] satisfies rule #1: 1/10 (0.1)
    [Finished only] satisfies rule #2: 10/10 (1.0)
    [Finished only] satisfies both rules: 1/10 (0.1)
    [Finished only] satisfies format: 10/10 (1.0)
    
  rep 2/4  seed=43  both_rules=0.1000  steps=32.0
Evaluation on data, shape: ftorch.Size([10, 130])

    Evaluation from generation satisfies rule #1: 1/10 (0.1)
    Evaluation from generation satisfies rule #2: 10/10 (1.0)
    Evaluation from generation satisfies both rules: 1/10 (0.1)
    Evaluation from generation satisfies satisfies format: 10/10 (1.0)
    Finished sequences (with EOS): 10/10
    [Finished only] satisfies rule #1: 1/10 (0.1)
    [Finished only] satisfies rule #2: 10/10 (1.0)
    [Finished only] satisfies both rules: 1/10 (0.1)
    [Finished only] satisfies format: 10/10 (1.0)
    
  rep 3/4  seed=44  both_rules=0.1000  steps=32.0
Evaluation on data, shape: ftorch.Size([10, 130])

    Evaluation from generation satisfies rule #1: 1/10 (0.1)
    Evaluation from generation satisfies rule #2: 10/10 (1.0)
    Evaluation from generation satisfies both rules: 1/10 (0.1)
    Evaluation from generation satisfies satisfies format: 10/10 (1.0)
    Finished sequences (with EOS): 10/10
    [Finished only] satisfies rule #1: 1/10 (0.1)
    [Finished only] satisfies rule #2: 10/10 (1.0)
    [Finished only] satisfies both rules: 1/10 (0.1)
    [Finished only] satisfies format: 10/10 (1.0)
    
  rep 4/4  seed=45  both_rules=0.1000  steps=32.0
  → both_rules=0.0750 ± 0.0433  over 4 reps  steps mean/max = 32.0/32  elapsed=12.2s
  diversity: n_correct=3  uniqueness=nan  dist → baN_L128_T32_uniform_greedy_none.json

============================================================
[5/632] baN     L=128  T=64   strat=uniform    samp=greedy       —
RE grammar "baN" data generated; shape: torch.Size([2000, 130])
  built (baN, L=128, T=64)  vocab=6  |X|=10
Evaluation on data, shape: ftorch.Size([10, 130])

Log: results/T-sweep-nonDyck/run.log
