
############################################################
# T-sweep started: 2026-06-20 21:02:49
############################################################
Config: configs/config_oracle.yaml
Output: results/T-sweep-Dyck
Workers: 28  (device: cpu)

Fixed config:
  seed=42  n_samples=100  device_for_cells=cpu
  temperature=1.0  eval_dataset=unconditional

Sweep axes:
  GRAMMARS        = ['parentheses_and_brackets', 'not_nested_parentheses_and_brackets']
  LENGTHS         = [32]
  T_VALUES        = [1, 2, 4, 8, 16, 32, 64]    (AR fixed at L+2)
  STRATEGIES      = ['uniform', 'gaussian', 'ar', 'ebsampler']
  SAMPLERS        = ['greedy', 'categorical']
  EB_GAMMAS       = [0.1, 0.5, 0.9, 2.0, 5.0, 10.0]
  GAUSSIAN_SIGMAS = [1.0, 2.0, 5.0, 10.0, 20.0, 50.0]

Grid: 368 cells after filtering.
  by strategy: ar=4, ebsampler=168, gaussian=168, uniform=28
Cells to run: 368

[1/368  eta=13532.5min]
>> parentheses_and_brackets L=32   T=1    strat=uniform    samp=categorical  —
  built (parentheses_and_brackets, L=32, T=1)  vocab=8  |X|=100
   → both_rules=0.0000 ± 0.0000 (5 reps)  steps=1.0/1  n_corr=0  elapsed=2191.2s
[2/368  eta=6767.3min]
>> parentheses_and_brackets L=32   T=1    strat=gaussian   samp=greedy       σ=1.0
  built (parentheses_and_brackets, L=32, T=1)  vocab=8  |X|=100
   → both_rules=0.0000 ± 0.0000 (5 reps)  steps=1.0/1  n_corr=0  elapsed=2197.3s
[3/368  eta=4502.3min]
>> parentheses_and_brackets L=32   T=1    strat=gaussian   samp=greedy       σ=50.0
  built (parentheses_and_brackets, L=32, T=1)  vocab=8  |X|=100
   → both_rules=0.1640 ± 0.0206 (5 reps)  steps=1.2/2  n_corr=82  elapsed=2197.3s
[4/368  eta=3367.5min]
>> parentheses_and_brackets L=32   T=1    strat=uniform    samp=greedy       —
  built (parentheses_and_brackets, L=32, T=1)  vocab=8  |X|=100
   → both_rules=0.0000 ± 0.0000 (5 reps)  steps=1.0/1  n_corr=0  elapsed=2201.3s
[5/368  eta=2690.8min]
>> parentheses_and_brackets L=32   T=1    strat=gaussian   samp=greedy       σ=10.0
  built (parentheses_and_brackets, L=32, T=1)  vocab=8  |X|=100
   → both_rules=0.0380 ± 0.0172 (5 reps)  steps=1.0/2  n_corr=19  elapsed=2202.1s
[6/368  eta=2237.8min]
>> parentheses_and_brackets L=32   T=1    strat=gaussian   samp=greedy       σ=2.0
  built (parentheses_and_brackets, L=32, T=1)  vocab=8  |X|=100
   → both_rules=0.0000 ± 0.0000 (5 reps)  steps=1.0/1  n_corr=0  elapsed=2203.9s
[7/368  eta=1916.5min]
>> parentheses_and_brackets L=32   T=1    strat=gaussian   samp=greedy       σ=20.0
  built (parentheses_and_brackets, L=32, T=1)  vocab=8  |X|=100
   → both_rules=0.0960 ± 0.0242 (5 reps)  steps=1.1/2  n_corr=48  elapsed=2206.9s
[8/368  eta=1681.1min]
>> parentheses_and_brackets L=32   T=1    strat=gaussian   samp=greedy       σ=5.0
  built (parentheses_and_brackets, L=32, T=1)  vocab=8  |X|=100
   → both_rules=0.0040 ± 0.0049 (5 reps)  steps=1.0/2  n_corr=2  elapsed=2219.9s
[9/368  eta=1524.6min]
>> parentheses_and_brackets L=32   T=2    strat=uniform    samp=categorical  —
  built (parentheses_and_brackets, L=32, T=2)  vocab=8  |X|=100
   → both_rules=0.0020 ± 0.0040 (5 reps)  steps=1.2/2  n_corr=1  elapsed=2272.2s
[10/368  eta=1453.2min]
>> parentheses_and_brackets L=32   T=2    strat=uniform    samp=greedy       —
  built (parentheses_and_brackets, L=32, T=2)  vocab=8  |X|=100
   → both_rules=0.0340 ± 0.0150 (5 reps)  steps=2.0/2  n_corr=17  elapsed=2414.8s
[11/368  eta=1337.3min]
>> parentheses_and_brackets L=32   T=2    strat=gaussian   samp=greedy       σ=50.0
  built (parentheses_and_brackets, L=32, T=2)  vocab=8  |X|=100
   → both_rules=0.0460 ± 0.0136 (5 reps)  steps=2.0/3  n_corr=23  elapsed=2449.1s
[12/368  eta=1241.5min]
>> parentheses_and_brackets L=32   T=2    strat=gaussian   samp=greedy       σ=1.0
  built (parentheses_and_brackets, L=32, T=2)  vocab=8  |X|=100
   → both_rules=0.0000 ± 0.0000 (5 reps)  steps=2.0/2  n_corr=0  elapsed=2488.1s
[13/368  eta=1144.8min]
>> parentheses_and_brackets L=32   T=2    strat=gaussian   samp=greedy       σ=20.0
  built (parentheses_and_brackets, L=32, T=2)  vocab=8  |X|=100
   → both_rules=0.0120 ± 0.0075 (5 reps)  steps=2.0/3  n_corr=6  elapsed=2492.2s
[14/368  eta=1067.1min]
>> parentheses_and_brackets L=32   T=2    strat=gaussian   samp=greedy       σ=2.0
  built (parentheses_and_brackets, L=32, T=2)  vocab=8  |X|=100
   → both_rules=0.0000 ± 0.0000 (5 reps)  steps=2.0/2  n_corr=0  elapsed=2509.3s
[15/368  eta=1018.6min]
>> parentheses_and_brackets L=32   T=2    strat=gaussian   samp=greedy       σ=10.0
  built (parentheses_and_brackets, L=32, T=2)  vocab=8  |X|=100
   → both_rules=0.0020 ± 0.0040 (5 reps)  steps=2.0/2  n_corr=1  elapsed=2574.0s
[16/368  eta=953.9min]
>> parentheses_and_brackets L=32   T=2    strat=gaussian   samp=greedy       σ=5.0
  built (parentheses_and_brackets, L=32, T=2)  vocab=8  |X|=100
   → both_rules=0.0020 ± 0.0040 (5 reps)  steps=2.0/3  n_corr=1  elapsed=2578.4s
[17/368  eta=964.9min]
>> parentheses_and_brackets L=32   T=4    strat=uniform    samp=categorical  —
  built (parentheses_and_brackets, L=32, T=4)  vocab=8  |X|=100
   → both_rules=0.0600 ± 0.0190 (5 reps)  steps=2.5/4  n_corr=30  elapsed=2782.8s
[18/368  eta=1000.5min]
>> parentheses_and_brackets L=32   T=4    strat=uniform    samp=greedy       —
  built (parentheses_and_brackets, L=32, T=4)  vocab=8  |X|=100
   → both_rules=0.1100 ± 0.0283 (5 reps)  steps=3.9/4  n_corr=55  elapsed=3066.2s
[19/368  eta=1143.5min]
>> parentheses_and_brackets L=32   T=4    strat=gaussian   samp=greedy       σ=1.0
  built (parentheses_and_brackets, L=32, T=4)  vocab=8  |X|=100
   → both_rules=0.0300 ± 0.0200 (5 reps)  steps=2.3/4  n_corr=15  elapsed=3712.1s
